<html>
<body>
<pre>
<h1>µVision Build Log</h1>
<h2>Tool Versions:</h2>
IDE-Version: ¦ÌVision V5.33.0.0
Copyright (C) 2020 ARM Ltd and ARM Germany GmbH. All rights reserved.
License Information: Trancemania Wang, 1, LIC=76F5U-SWZ7K-PC4J8-32EZT-IXFR9-1XUG9
 
Tool Versions:
Toolchain:       MDK-ARM Plus  Version: 5.33.0.0
Toolchain Path:  D:\Program Files\Keil_v5\ARM\ARMCC\Bin
C Compiler:      Armcc.exe V5.06 update 7 (build 960)
Assembler:       Armasm.exe V5.06 update 7 (build 960)
Linker/Locator:  ArmLink.exe V5.06 update 7 (build 960)
Library Manager: ArmAr.exe V5.06 update 7 (build 960)
Hex Converter:   FromElf.exe V5.06 update 7 (build 960)
CPU DLL:         SARMCM3.DLL V5.33.0.0
Dialog DLL:      DCM.DLL V1.17.3.0
Target DLL:      STLink\ST-LINKIII-KEIL_SWO.dll V3.0.8.0
Dialog DLL:      TCM.DLL V1.48.0.0
 
<h2>Project:</h2>
C:\Users\Trancemania\Downloads\STM32H745_Ethernet-master\MDK-ARM\STM32H745_Ethernet.uvprojx
Project File Date:  02/20/2021

<h2>Output:</h2>
*** Using Compiler 'V5.06 update 7 (build 960)', folder: 'D:\Program Files\Keil_v5\ARM\ARMCC\Bin'
Build target 'STM32H745_Ethernet_CM7'
assembling startup_stm32h745xx_CM7.s...
compiling usart.c...
compiling gpio.c...
compiling tim.c...
compiling freertos.c...
compiling lwip.c...
compiling lan8742.c...
compiling main.c...
compiling ethernetif.c...
compiling stm32h7xx_it.c...
compiling stm32h7xx_hal_timebase_tim.c...
compiling stm32h7xx_hal_eth_ex.c...
compiling stm32h7xx_hal_msp.c...
compiling stm32h7xx_hal_eth.c...
compiling http_server.c...
compiling stm32h7xx_hal_rcc.c...
compiling stm32h7xx_hal_gpio.c...
compiling stm32h7xx_hal_hsem.c...
compiling stm32h7xx_hal_flash_ex.c...
compiling stm32h7xx_hal_flash.c...
compiling stm32h7xx_hal_rcc_ex.c...
compiling stm32h7xx_hal_dma_ex.c...
compiling stm32h7xx_hal_dma.c...
compiling stm32h7xx_hal_mdma.c...
compiling stm32h7xx_hal_cortex.c...
compiling stm32h7xx_hal_pwr.c...
compiling stm32h7xx_hal.c...
compiling stm32h7xx_hal_i2c_ex.c...
compiling stm32h7xx_hal_i2c.c...
compiling stm32h7xx_hal_pwr_ex.c...
compiling croutine.c...
compiling event_groups.c...
compiling list.c...
compiling queue.c...
compiling stream_buffer.c...
compiling tasks.c...
compiling timers.c...
compiling cmsis_os.c...
compiling heap_4.c...
compiling port.c...
compiling stm32h7xx_hal_exti.c...
compiling stm32h7xx_hal_uart_ex.c...
compiling system_stm32h7xx_dualcore_boot_cm4_cm7.c...
compiling stm32h7xx_hal_tim_ex.c...
compiling stm32h7xx_hal_uart.c...
compiling auth.c...
compiling stm32h7xx_hal_tim.c...
compiling ccp.c...
compiling chap_ms.c...
compiling chap-md5.c...
compiling eui64.c...
compiling eap.c...
compiling demand.c...
compiling chap-new.c...
compiling fsm.c...
compiling lcp.c...
compiling magic.c...
compiling mppe.c...
compiling ipv6cp.c...
compiling multilink.c...
compiling ipcp.c...
compiling ppp.c...
compiling pppcrypt.c...
compiling pppol2tp.c...
compiling pppoe.c...
compiling pppos.c...
compiling pppapi.c...
compiling upap.c...
compiling utils.c...
compiling lowpan6_ble.c...
compiling lowpan6.c...
compiling vj.c...
compiling lowpan6_common.c...
compiling ethernet.c...
compiling bridgeif_fdb.c...
compiling bridgeif.c...
compiling ecp.c...
compiling zepif.c...
compiling slipif.c...
compiling err.c...
compiling api_lib.c...
compiling api_msg.c...
compiling if_api.c...
compiling netdb.c...
compiling netbuf.c...
compiling altcp_alloc.c...
compiling altcp.c...
compiling netifapi.c...
compiling tcpip.c...
compiling sockets.c...
compiling altcp_tcp.c...
compiling def.c...
compiling dns.c...
compiling inet_chksum.c...
compiling ip.c...
compiling mem.c...
compiling init.c...
compiling stats.c...
compiling raw.c...
compiling sys.c...
compiling tcp.c...
compiling netif.c...
compiling pbuf.c...
compiling memp.c...
compiling tcp_in.c...
compiling autoip.c...
compiling dhcp.c...
compiling etharp.c...
compiling udp.c...
compiling tcp_out.c...
compiling timeouts.c...
compiling igmp.c...
compiling icmp.c...
compiling ethip6.c...
compiling dhcp6.c...
compiling ip4_addr.c...
compiling ip4_frag.c...
compiling ip4.c...
compiling inet6.c...
compiling icmp6.c...
compiling nd6.c...
compiling mld6.c...
compiling ip6_addr.c...
compiling ip6.c...
compiling ip6_frag.c...
compiling sys_arch.c...
compiling mqtt.c...
linking...
Program Size: Code=90004 RO-data=2008 RW-data=396 ZI-data=37612  
"STM32H745_Ethernet_CM7\STM32H745_Ethernet_CM7.axf" - 0 Error(s), 0 Warning(s).

<h2>Software Packages used:</h2>

Package Vendor: ARM
                http://www.keil.com/pack/ARM.CMSIS.5.7.0.pack
                ARM.CMSIS.5.7.0
                CMSIS (Cortex Microcontroller Software Interface Standard)
   * Component: CORE Version: 5.4.0

Package Vendor: Keil
                http://www.keil.com/pack/Keil.STM32H7xx_DFP.2.7.0.pack
                Keil.STM32H7xx_DFP.2.7.0
                STMicroelectronics STM32H7 Series Device Support and Examples

<h2>Collection of Component include folders:</h2>
  .\RTE\_STM32H745_Ethernet_CM7
  D:\Program Files\Keil_v5\Arm\Packs\ARM\CMSIS\5.7.0\CMSIS\Core\Include
  D:\Program Files\Keil_v5\Arm\Packs\Keil\STM32H7xx_DFP\2.7.0\Drivers\CMSIS\Device\ST\STM32H7xx\Include

<h2>Collection of Component Files used:</h2>

   * Component: ARM::CMSIS:CORE:5.4.0
      Include file:  CMSIS\Core\Include\tz_context.h
Build Time Elapsed:  00:10:37
</pre>
</body>
</html>
